square(3) = 9
sum(1, 2, 3) = 6
prec(): 1
prec2(): 13
prec3(): 30
prefix result: x = 1, y = 2
bx = 4
by = 2
bx < 5: 1
bx <= 4: 1
bx == 4: 1
bx != by: 1
bx > by: 1
bx >= by: 1
bx & by: 0
bx | by: 6
bx ^ bx: 0
bx << 1: 8
bx >> 1: 2
u8: 10 + 3 = 13
u8: 10 - 3 = 7
u8: 10 * 3 = 30
u8: 10 / 3 = 3
u8: 10 % 3 = 1
i8: 10 + 3 = 13
i8: 10 - 3 = 7
i8: 10 * 3 = 30
i8: 10 / 3 = 3
i8: 10 % 3 = 1
u16: 1000 + 30 = 1030
u16: 1000 - 30 = 970
u16: 1000 * 30 = 30000
u16: 1000 / 30 = 33
u16: 1000 % 30 = 10
i16: 1000 + 30 = 1030
i16: 1000 - 30 = 970
i16: 1000 * 30 = 30000
i16: 1000 / 30 = 33
i16: 1000 % 30 = 10
u32: 1000000 + 3000 = 1003000
u32: 1000000 - 3000 = 997000
u32: 1000000 * 3000 = 3000000000
u32: 1000000 / 3000 = 333
u32: 1000000 % 3000 = 1000
i32: 1000000 + 3000 = 1003000
i32: 1000000 - 3000 = 997000
i32: 1000000 * 3000 = -1294967296
i32: 1000000 / 3000 = 333
i32: 1000000 % 3000 = 1000
u64: 1000000000 + 300000 = 1000300000
u64: 1000000000 - 300000 = 999700000
u64: 1000000000 * 300000 = 300000000000000
u64: 1000000000 / 300000 = 3333
u64: 1000000000 % 300000 = 100000
i64: 1000000000 + 300000 = 1000300000
i64: 1000000000 - 300000 = 999700000
i64: 1000000000 * 300000 = 300000000000000
i64: 1000000000 / 300000 = 3333
i64: 1000000000 % 300000 = 100000
