fn: fn at 3:1 in tests/arrays.v3
identifier: main at 3:4 in tests/arrays.v3
'(': ( at 3:8 in tests/arrays.v3
')': ) at 3:9 in tests/arrays.v3
identifier: i32 at 3:11 in tests/arrays.v3
'{': { at 3:15 in tests/arrays.v3
var: var at 4:5 in tests/arrays.v3
identifier: array at 4:9 in tests/arrays.v3
':': : at 4:14 in tests/arrays.v3
'[': [ at 4:16 in tests/arrays.v3
int literal: 3 at 4:17 in tests/arrays.v3
']': ] at 4:18 in tests/arrays.v3
identifier: u32 at 4:19 in tests/arrays.v3
';': ; at 4:22 in tests/arrays.v3
identifier: array at 5:5 in tests/arrays.v3
'[': [ at 5:10 in tests/arrays.v3
int literal: 0 at 5:11 in tests/arrays.v3
']': ] at 5:12 in tests/arrays.v3
'=': = at 5:14 in tests/arrays.v3
int literal: 1 at 5:16 in tests/arrays.v3
';': ; at 5:17 in tests/arrays.v3
identifier: array at 6:5 in tests/arrays.v3
'[': [ at 6:10 in tests/arrays.v3
int literal: 1 at 6:11 in tests/arrays.v3
']': ] at 6:12 in tests/arrays.v3
'=': = at 6:14 in tests/arrays.v3
int literal: 2 at 6:16 in tests/arrays.v3
';': ; at 6:17 in tests/arrays.v3
identifier: array at 7:5 in tests/arrays.v3
'[': [ at 7:10 in tests/arrays.v3
int literal: 2 at 7:11 in tests/arrays.v3
']': ] at 7:12 in tests/arrays.v3
'=': = at 7:14 in tests/arrays.v3
int literal: 3 at 7:16 in tests/arrays.v3
';': ; at 7:17 in tests/arrays.v3
return: return at 8:5 in tests/arrays.v3
int literal: 0 at 8:12 in tests/arrays.v3
';': ; at 8:13 in tests/arrays.v3
'}': } at 9:1 in tests/arrays.v3
fn: fn at 11:1 in tests/arrays.v3
identifier: init at 11:4 in tests/arrays.v3
'(': ( at 11:8 in tests/arrays.v3
')': ) at 11:9 in tests/arrays.v3
identifier: i32 at 11:11 in tests/arrays.v3
'{': { at 11:15 in tests/arrays.v3
var: var at 12:5 in tests/arrays.v3
identifier: array at 12:9 in tests/arrays.v3
'=': = at 12:15 in tests/arrays.v3
'[': [ at 12:17 in tests/arrays.v3
']': ] at 12:18 in tests/arrays.v3
identifier: u32 at 12:19 in tests/arrays.v3
'{': { at 12:22 in tests/arrays.v3
int literal: 1 at 12:23 in tests/arrays.v3
',': , at 12:24 in tests/arrays.v3
int literal: 2 at 12:26 in tests/arrays.v3
',': , at 12:27 in tests/arrays.v3
int literal: 3 at 12:29 in tests/arrays.v3
'}': } at 12:30 in tests/arrays.v3
';': ; at 12:31 in tests/arrays.v3
'}': } at 13:1 in tests/arrays.v3
EOF:  at 14:1 in tests/arrays.v3
