array1: 1 2 3
array2: 6 5 4
array2 after update: 6 50 4
array2[0] = 6
array2[1] = 50
array2[2] = 4
flags: 0 1 0 1
