array1: 1 2 3
array2: 4 5 6
array2 after update: 4 50 6
array2[0] = 4
array2[1] = 50
array2[2] = 6
flags: 1 0 1 0
