; Zag Readable Intermediate Representation
; Function header formatted as:
; @func[<max-stack-size>](<param-type>,...)


@add[12](i32, i32) i32:
    %s[8] = add i32 %s[0], i32 %s[4]
    ret i32 %s[8]

@sub[12](i32, i32) i32:
    %s[8] = sub i32 %s[0], i32 %s[4]
    ret i32 %s[8]

@add_then_mult[40](i64, i64, i64) i64:
    %s[24] = imul i64 %s[8], i64 %s[16]
    %s[32] = add i64 %s[0], i64 %s[24]
    ret i64 %s[32]

