fn: fn at 3:1 in tests/binops.zag
identifier: add at 3:4 in tests/binops.zag
'(': ( at 3:7 in tests/binops.zag
identifier: x at 3:8 in tests/binops.zag
':': : at 3:9 in tests/binops.zag
identifier: i32 at 3:11 in tests/binops.zag
',': , at 3:14 in tests/binops.zag
identifier: y at 3:16 in tests/binops.zag
':': : at 3:17 in tests/binops.zag
identifier: i32 at 3:19 in tests/binops.zag
')': ) at 3:22 in tests/binops.zag
identifier: i32 at 3:24 in tests/binops.zag
'{': { at 3:28 in tests/binops.zag
return: return at 4:5 in tests/binops.zag
identifier: x at 4:12 in tests/binops.zag
'+': + at 4:14 in tests/binops.zag
identifier: y at 4:16 in tests/binops.zag
';': ; at 4:17 in tests/binops.zag
'}': } at 5:1 in tests/binops.zag
fn: fn at 7:1 in tests/binops.zag
identifier: sub at 7:4 in tests/binops.zag
'(': ( at 7:7 in tests/binops.zag
identifier: x at 7:8 in tests/binops.zag
':': : at 7:9 in tests/binops.zag
identifier: i32 at 7:11 in tests/binops.zag
',': , at 7:14 in tests/binops.zag
identifier: y at 7:16 in tests/binops.zag
':': : at 7:17 in tests/binops.zag
identifier: i32 at 7:19 in tests/binops.zag
')': ) at 7:22 in tests/binops.zag
identifier: i32 at 7:24 in tests/binops.zag
'{': { at 7:28 in tests/binops.zag
return: return at 8:5 in tests/binops.zag
identifier: x at 8:12 in tests/binops.zag
'-': - at 8:14 in tests/binops.zag
identifier: y at 8:16 in tests/binops.zag
';': ; at 8:17 in tests/binops.zag
'}': } at 9:1 in tests/binops.zag
fn: fn at 11:1 in tests/binops.zag
identifier: add_then_mult at 11:4 in tests/binops.zag
'(': ( at 11:17 in tests/binops.zag
identifier: x at 11:18 in tests/binops.zag
':': : at 11:19 in tests/binops.zag
identifier: i64 at 11:21 in tests/binops.zag
',': , at 11:24 in tests/binops.zag
identifier: y at 11:26 in tests/binops.zag
':': : at 11:27 in tests/binops.zag
identifier: i64 at 11:29 in tests/binops.zag
',': , at 11:32 in tests/binops.zag
identifier: z at 11:34 in tests/binops.zag
':': : at 11:35 in tests/binops.zag
identifier: i64 at 11:37 in tests/binops.zag
')': ) at 11:40 in tests/binops.zag
identifier: i64 at 11:42 in tests/binops.zag
'{': { at 11:46 in tests/binops.zag
return: return at 12:5 in tests/binops.zag
identifier: x at 12:12 in tests/binops.zag
'+': + at 12:14 in tests/binops.zag
identifier: y at 12:16 in tests/binops.zag
'*': * at 12:18 in tests/binops.zag
identifier: z at 12:20 in tests/binops.zag
';': ; at 12:21 in tests/binops.zag
'}': } at 13:1 in tests/binops.zag
EOF:  at 14:1 in tests/binops.zag
