id(42) = 42
call_id(13) = 13
factorial(5) = 120
factorial_tail(5, 1) = 120
func_ptrs(id) = 2
id_u8(255) = 255
id_i8(-128) = -128
id_u16(65535) = 65535
id_i16(-32768) = -32768
id_u32(123456789) = 123456789
id_i32(-123456789) = -123456789
id_u64(1234567890123456789) = 1234567890123456789
id_i64(-1234567890123456789) = -1234567890123456789
