fn: fn at 3:1 in tests/calls.v3
identifier: id at 3:4 in tests/calls.v3
'(': ( at 3:6 in tests/calls.v3
identifier: x at 3:7 in tests/calls.v3
':': : at 3:8 in tests/calls.v3
identifier: i32 at 3:10 in tests/calls.v3
')': ) at 3:13 in tests/calls.v3
identifier: i32 at 3:15 in tests/calls.v3
'{': { at 3:19 in tests/calls.v3
return: return at 4:5 in tests/calls.v3
identifier: x at 4:12 in tests/calls.v3
';': ; at 4:13 in tests/calls.v3
'}': } at 5:1 in tests/calls.v3
fn: fn at 7:1 in tests/calls.v3
identifier: call_id at 7:4 in tests/calls.v3
'(': ( at 7:11 in tests/calls.v3
identifier: x at 7:12 in tests/calls.v3
':': : at 7:13 in tests/calls.v3
identifier: i32 at 7:15 in tests/calls.v3
')': ) at 7:18 in tests/calls.v3
identifier: i32 at 7:20 in tests/calls.v3
'{': { at 7:24 in tests/calls.v3
return: return at 8:5 in tests/calls.v3
identifier: id at 8:12 in tests/calls.v3
'(': ( at 8:14 in tests/calls.v3
identifier: x at 8:15 in tests/calls.v3
')': ) at 8:16 in tests/calls.v3
';': ; at 8:17 in tests/calls.v3
'}': } at 9:1 in tests/calls.v3
fn: fn at 11:1 in tests/calls.v3
identifier: factorial at 11:4 in tests/calls.v3
'(': ( at 11:13 in tests/calls.v3
identifier: n at 11:14 in tests/calls.v3
':': : at 11:15 in tests/calls.v3
identifier: u32 at 11:17 in tests/calls.v3
')': ) at 11:20 in tests/calls.v3
identifier: u32 at 11:22 in tests/calls.v3
'{': { at 11:26 in tests/calls.v3
if: if at 12:5 in tests/calls.v3
'(': ( at 12:8 in tests/calls.v3
identifier: n at 12:9 in tests/calls.v3
'==': == at 12:11 in tests/calls.v3
int literal: 0 at 12:14 in tests/calls.v3
')': ) at 12:15 in tests/calls.v3
return: return at 13:9 in tests/calls.v3
int literal: 1 at 13:16 in tests/calls.v3
';': ; at 13:17 in tests/calls.v3
return: return at 14:5 in tests/calls.v3
identifier: n at 14:12 in tests/calls.v3
'*': * at 14:14 in tests/calls.v3
identifier: factorial at 14:16 in tests/calls.v3
'(': ( at 14:25 in tests/calls.v3
identifier: n at 14:26 in tests/calls.v3
'-': - at 14:28 in tests/calls.v3
int literal: 1 at 14:30 in tests/calls.v3
')': ) at 14:31 in tests/calls.v3
';': ; at 14:32 in tests/calls.v3
'}': } at 15:1 in tests/calls.v3
fn: fn at 17:1 in tests/calls.v3
identifier: factorial_tail at 17:4 in tests/calls.v3
'(': ( at 17:18 in tests/calls.v3
identifier: n at 17:19 in tests/calls.v3
':': : at 17:20 in tests/calls.v3
identifier: u32 at 17:22 in tests/calls.v3
',': , at 17:25 in tests/calls.v3
identifier: res at 17:27 in tests/calls.v3
':': : at 17:30 in tests/calls.v3
identifier: u32 at 17:32 in tests/calls.v3
')': ) at 17:35 in tests/calls.v3
identifier: u32 at 17:37 in tests/calls.v3
'{': { at 17:41 in tests/calls.v3
if: if at 18:5 in tests/calls.v3
'(': ( at 18:8 in tests/calls.v3
identifier: n at 18:9 in tests/calls.v3
'==': == at 18:11 in tests/calls.v3
int literal: 0 at 18:14 in tests/calls.v3
')': ) at 18:15 in tests/calls.v3
return: return at 19:9 in tests/calls.v3
identifier: res at 19:16 in tests/calls.v3
';': ; at 19:19 in tests/calls.v3
return: return at 20:5 in tests/calls.v3
identifier: factorial_tail at 20:12 in tests/calls.v3
'(': ( at 20:26 in tests/calls.v3
identifier: n at 20:27 in tests/calls.v3
'-': - at 20:29 in tests/calls.v3
int literal: 1 at 20:31 in tests/calls.v3
',': , at 20:32 in tests/calls.v3
identifier: n at 20:34 in tests/calls.v3
'*': * at 20:36 in tests/calls.v3
identifier: res at 20:38 in tests/calls.v3
')': ) at 20:41 in tests/calls.v3
';': ; at 20:42 in tests/calls.v3
'}': } at 21:1 in tests/calls.v3
fn: fn at 23:1 in tests/calls.v3
identifier: func_ptrs at 23:4 in tests/calls.v3
'(': ( at 23:13 in tests/calls.v3
identifier: func at 23:14 in tests/calls.v3
':': : at 23:18 in tests/calls.v3
fn: fn at 23:20 in tests/calls.v3
'(': ( at 23:22 in tests/calls.v3
identifier: i32 at 23:23 in tests/calls.v3
')': ) at 23:26 in tests/calls.v3
identifier: i32 at 23:28 in tests/calls.v3
')': ) at 23:31 in tests/calls.v3
identifier: i32 at 23:33 in tests/calls.v3
'{': { at 23:37 in tests/calls.v3
return: return at 24:5 in tests/calls.v3
identifier: func at 24:12 in tests/calls.v3
'(': ( at 24:16 in tests/calls.v3
int literal: 2 at 24:17 in tests/calls.v3
')': ) at 24:18 in tests/calls.v3
';': ; at 24:19 in tests/calls.v3
'}': } at 25:1 in tests/calls.v3
EOF:  at 26:1 in tests/calls.v3
