; Zag Readable Intermediate Representation
; Function header formatted as:
; @func[<max-stack-size>](<param-type>,...)

extern @printf(ptr) i32

@id[4](i32) i32:
    ret i32 %s[0]

@call_id[8](i32) i32:
    %s[4] = i32 call @id(i32 %s[0])
    ret i32 %s[4]

@factorial[16](i32) i32:
    %s[4] = eq i32 %s[0], i32 0
    jmpz .L0, i32 %s[4]
    ret i32 1
.L0:
    %s[8] = sub i32 %s[0], i32 1
    %s[4] = i32 call @factorial(i32 %s[8])
    %s[12] = imul i32 %s[0], i32 %s[4]
    ret i32 %s[12]

@factorial_tail[20](i32, i32) i32:
    %s[8] = eq i32 %s[0], i32 0
    jmpz .L1, i32 %s[8]
    ret i32 %s[4]
.L1:
    %s[12] = sub i32 %s[0], i32 1
    %s[16] = imul i32 %s[0], i32 %s[4]
    %s[8] = i32 call @factorial_tail(i32 %s[12], i32 %s[16])
    ret i32 %s[8]

@func_ptrs[12](ptr) i32:
    %s[8] = i32 call [ptr %s[0]](i32 2)
    ret i32 %s[8]

@id_u8[1](i8) i8:
    ret i8 %s[0]

@id_i8[1](i8) i8:
    ret i8 %s[0]

@id_u16[2](i16) i16:
    ret i16 %s[0]

@id_i16[2](i16) i16:
    ret i16 %s[0]

@id_u32[4](i32) i32:
    ret i32 %s[0]

@id_i32[4](i32) i32:
    ret i32 %s[0]

@id_u64[8](i64) i64:
    ret i64 %s[0]

@id_i64[8](i64) i64:
    ret i64 %s[0]

@main[24]() i32:
    %s[8] = ref i8 %data[0]
    %s[16] = i32 call @id(i32 42)
    %s[0] = i32 call @printf(ptr %s[8], i32 %s[16])
    %s[8] = ref i8 %data[13]
    %s[16] = i32 call @call_id(i32 13)
    %s[0] = i32 call @printf(ptr %s[8], i32 %s[16])
    %s[8] = ref i8 %data[31]
    %s[16] = i32 call @factorial(i32 5)
    %s[0] = i32 call @printf(ptr %s[8], i32 %s[16])
    %s[8] = ref i8 %data[50]
    %s[16] = i32 call @factorial_tail(i32 5, i32 1)
    %s[0] = i32 call @printf(ptr %s[8], i32 %s[16])
    %s[8] = ref i8 %data[77]
    %s[16] = i32 call @func_ptrs(ptr id)
    %s[0] = i32 call @printf(ptr %s[8], i32 %s[16])
    %s[8] = ref i8 %data[97]
    %s[16] = i8 call @id_u8(i8 255)
    %s[0] = i32 call @printf(ptr %s[8], i8 %s[16])
    %s[8] = ref i8 %data[114]
    %s[16] = i8 call @id_i8(i8 -128)
    %s[0] = i32 call @printf(ptr %s[8], i8 %s[16])
    %s[8] = ref i8 %data[132]
    %s[16] = i16 call @id_u16(i16 65535)
    %s[0] = i32 call @printf(ptr %s[8], i16 %s[16])
    %s[8] = ref i8 %data[152]
    %s[16] = i16 call @id_i16(i16 -32768)
    %s[0] = i32 call @printf(ptr %s[8], i16 %s[16])
    %s[8] = ref i8 %data[173]
    %s[16] = i32 call @id_u32(i32 123456789)
    %s[0] = i32 call @printf(ptr %s[8], i32 %s[16])
    %s[8] = ref i8 %data[197]
    %s[16] = i32 call @id_i32(i32 -123456789)
    %s[0] = i32 call @printf(ptr %s[8], i32 %s[16])
    %s[8] = ref i8 %data[222]
    %s[16] = i64 call @id_u64(i64 1234567890123456789)
    %s[0] = i32 call @printf(ptr %s[8], i64 %s[16])
    %s[8] = ref i8 %data[257]
    %s[16] = i64 call @id_i64(i64 -1234567890123456789)
    %s[0] = i32 call @printf(ptr %s[8], i64 %s[16])
    ret i32 0


Data:
  0: 69 64 28 34 32 29 20 3D 20 25 64  A          id(42).=.%d.
  c:  0 63 61 6C 6C 5F 69 64 28 31 33 29          .call_id(13)
 18: 20 3D 20 25 64  A  0 66 61 63 74 6F          .=.%d..facto
 24: 72 69 61 6C 28 35 29 20 3D 20 25 75          rial(5).=.%u
 30:  A  0 66 61 63 74 6F 72 69 61 6C 5F          ..factorial_
 3c: 74 61 69 6C 28 35 2C 20 31 29 20 3D          tail(5,.1).=
 48: 20 25 75  A  0 66 75 6E 63 5F 70 74          .%u..func_pt
 54: 72 73 28 69 64 29 20 3D 20 25 64  A          rs(id).=.%d.
 60:  0 69 64 5F 75 38 28 32 35 35 29 20          .id_u8(255).
 6c: 3D 20 25 75  A  0 69 64 5F 69 38 28          =.%u..id_i8(
 78: 2D 31 32 38 29 20 3D 20 25 64  A  0          -128).=.%d..
 84: 69 64 5F 75 31 36 28 36 35 35 33 35          id_u16(65535
 90: 29 20 3D 20 25 75  A  0 69 64 5F 69          ).=.%u..id_i
 9c: 31 36 28 2D 33 32 37 36 38 29 20 3D          16(-32768).=
 a8: 20 25 64  A  0 69 64 5F 75 33 32 28          .%d..id_u32(
 b4: 31 32 33 34 35 36 37 38 39 29 20 3D          123456789).=
 c0: 20 25 75  A  0 69 64 5F 69 33 32 28          .%u..id_i32(
 cc: 2D 31 32 33 34 35 36 37 38 39 29 20          -123456789).
 d8: 3D 20 25 64  A  0 69 64 5F 75 36 34          =.%d..id_u64
 e4: 28 31 32 33 34 35 36 37 38 39 30 31          (12345678901
 f0: 32 33 34 35 36 37 38 39 29 20 3D 20          23456789).=.
 fc: 25 6C 75  A  0 69 64 5F 69 36 34 28          %lu..id_i64(
108: 2D 31 32 33 34 35 36 37 38 39 30 31          -12345678901
114: 32 33 34 35 36 37 38 39 29 20 3D 20          23456789).=.
120: 25 6C 64  A  0                               %ld..
