fn: fn at 3:1 in tests/chars.zag
identifier: main at 3:4 in tests/chars.zag
'(': ( at 3:8 in tests/chars.zag
')': ) at 3:9 in tests/chars.zag
identifier: i32 at 3:11 in tests/chars.zag
'{': { at 3:15 in tests/chars.zag
var: var at 4:5 in tests/chars.zag
identifier: a at 4:9 in tests/chars.zag
'=': = at 4:11 in tests/chars.zag
char literal: 'a' at 4:13 in tests/chars.zag
';': ; at 4:16 in tests/chars.zag
var: var at 5:5 in tests/chars.zag
identifier: b at 5:9 in tests/chars.zag
'=': = at 5:11 in tests/chars.zag
char literal: '\xA' at 5:13 in tests/chars.zag
';': ; at 5:18 in tests/chars.zag
var: var at 6:5 in tests/chars.zag
identifier: bb at 6:9 in tests/chars.zag
'=': = at 6:12 in tests/chars.zag
char literal: '\xab' at 6:14 in tests/chars.zag
';': ; at 6:20 in tests/chars.zag
var: var at 7:5 in tests/chars.zag
identifier: bbb at 7:9 in tests/chars.zag
'=': = at 7:13 in tests/chars.zag
char literal: '\xFF' at 7:15 in tests/chars.zag
';': ; at 7:21 in tests/chars.zag
var: var at 8:5 in tests/chars.zag
identifier: c at 8:9 in tests/chars.zag
'=': = at 8:11 in tests/chars.zag
char literal: '\377' at 8:13 in tests/chars.zag
';': ; at 8:19 in tests/chars.zag
var: var at 9:5 in tests/chars.zag
identifier: newline at 9:9 in tests/chars.zag
'=': = at 9:17 in tests/chars.zag
char literal: '\n' at 9:19 in tests/chars.zag
';': ; at 9:23 in tests/chars.zag
return: return at 11:5 in tests/chars.zag
char literal: '' at 11:12 in tests/chars.zag
';': ; at 11:14 in tests/chars.zag
'}': } at 12:1 in tests/chars.zag
EOF:  at 13:1 in tests/chars.zag
