; Zag Readable Intermediate Representation
; Function header formatted as:
; @func[<max-stack-size>](<param-type>,...)

extern @add(i32, i32) i32

@call_add[12](i32, i32) i32:
    %s[8] = i32 call @add(i32 %s[0], i32 %s[4])
    ret i32 %s[8]

