fn: fn at 3:1 in tests/loop.v3
identifier: loop at 3:4 in tests/loop.v3
'(': ( at 3:8 in tests/loop.v3
')': ) at 3:9 in tests/loop.v3
identifier: i64 at 3:11 in tests/loop.v3
'{': { at 3:15 in tests/loop.v3
var: var at 4:5 in tests/loop.v3
identifier: x at 4:9 in tests/loop.v3
'=': = at 4:11 in tests/loop.v3
int literal: 0 at 4:13 in tests/loop.v3
';': ; at 4:14 in tests/loop.v3
while: while at 6:5 in tests/loop.v3
'(': ( at 6:11 in tests/loop.v3
identifier: x at 6:12 in tests/loop.v3
'<': < at 6:14 in tests/loop.v3
int literal: 1000 at 6:16 in tests/loop.v3
')': ) at 6:20 in tests/loop.v3
'{': { at 6:22 in tests/loop.v3
'++': ++ at 7:9 in tests/loop.v3
identifier: x at 7:11 in tests/loop.v3
';': ; at 7:12 in tests/loop.v3
'}': } at 8:5 in tests/loop.v3
return: return at 10:5 in tests/loop.v3
identifier: x at 10:12 in tests/loop.v3
';': ; at 10:13 in tests/loop.v3
'}': } at 11:1 in tests/loop.v3
fn: fn at 13:1 in tests/loop.v3
identifier: loop_break at 13:4 in tests/loop.v3
'(': ( at 13:14 in tests/loop.v3
')': ) at 13:15 in tests/loop.v3
identifier: i64 at 13:17 in tests/loop.v3
'{': { at 13:21 in tests/loop.v3
var: var at 14:5 in tests/loop.v3
identifier: x at 14:9 in tests/loop.v3
'=': = at 14:11 in tests/loop.v3
int literal: 0 at 14:13 in tests/loop.v3
';': ; at 14:14 in tests/loop.v3
while: while at 16:5 in tests/loop.v3
'(': ( at 16:11 in tests/loop.v3
identifier: x at 16:12 in tests/loop.v3
'<': < at 16:14 in tests/loop.v3
int literal: 1000 at 16:16 in tests/loop.v3
')': ) at 16:20 in tests/loop.v3
'{': { at 16:22 in tests/loop.v3
'++': ++ at 17:9 in tests/loop.v3
identifier: x at 17:11 in tests/loop.v3
';': ; at 17:12 in tests/loop.v3
if: if at 18:9 in tests/loop.v3
'(': ( at 18:12 in tests/loop.v3
identifier: x at 18:13 in tests/loop.v3
'==': == at 18:15 in tests/loop.v3
int literal: 500 at 18:18 in tests/loop.v3
')': ) at 18:21 in tests/loop.v3
break: break at 19:13 in tests/loop.v3
';': ; at 19:18 in tests/loop.v3
'}': } at 20:5 in tests/loop.v3
return: return at 22:5 in tests/loop.v3
identifier: x at 22:12 in tests/loop.v3
';': ; at 22:13 in tests/loop.v3
'}': } at 23:1 in tests/loop.v3
fn: fn at 25:1 in tests/loop.v3
identifier: loop_continue at 25:4 in tests/loop.v3
'(': ( at 25:17 in tests/loop.v3
')': ) at 25:18 in tests/loop.v3
identifier: i64 at 25:20 in tests/loop.v3
'{': { at 25:23 in tests/loop.v3
var: var at 26:5 in tests/loop.v3
identifier: x at 26:9 in tests/loop.v3
'=': = at 26:11 in tests/loop.v3
int literal: 0 at 26:13 in tests/loop.v3
';': ; at 26:14 in tests/loop.v3
while: while at 28:5 in tests/loop.v3
'(': ( at 28:11 in tests/loop.v3
identifier: x at 28:12 in tests/loop.v3
'<': < at 28:14 in tests/loop.v3
int literal: 1000 at 28:16 in tests/loop.v3
')': ) at 28:20 in tests/loop.v3
'{': { at 28:22 in tests/loop.v3
'++': ++ at 29:9 in tests/loop.v3
identifier: x at 29:11 in tests/loop.v3
';': ; at 29:12 in tests/loop.v3
if: if at 30:9 in tests/loop.v3
'(': ( at 30:12 in tests/loop.v3
identifier: x at 30:13 in tests/loop.v3
'>': > at 30:15 in tests/loop.v3
int literal: 500 at 30:17 in tests/loop.v3
')': ) at 30:20 in tests/loop.v3
continue: continue at 31:13 in tests/loop.v3
';': ; at 31:21 in tests/loop.v3
'++': ++ at 32:9 in tests/loop.v3
identifier: x at 32:11 in tests/loop.v3
';': ; at 32:12 in tests/loop.v3
'}': } at 33:5 in tests/loop.v3
return: return at 35:5 in tests/loop.v3
identifier: x at 35:12 in tests/loop.v3
';': ; at 35:13 in tests/loop.v3
'}': } at 36:1 in tests/loop.v3
EOF:  at 37:1 in tests/loop.v3
