x = 42
*px = 99, x = 99
y = 99 (copied from &x)
x = 123 (after *&x = 123)
a = 10, b = 2
a = 10, b = 20
byte = 255
arr = 100 200 300
z = 77
