x = 10
y = -5
z = 0
a = 123456
nums[0] = 1
nums[4] = 5
moreNums[1] = 100
moreNums[2] = -7
empty list size = 0
